Script started on 2025-04-28 19:01:19+03:00 [TERM="xterm-256color" TTY="/dev/pts/6" COLUMNS="199" LINES="18"]
            // MySQL Docker imajını oluşturma
            sh 'docker build -t ${DOCKER_IMAGE_MYSQL} -f Dockerfile/Dockerfile-mysql .'
            // phpMyAdmin Docker imajını oluşturma
            sh 'docker build -t ${DOCKER_IMAGE_PMA} -f Dockerfile/Dockerfile-phpMyAdmin .'
        }
    }
}]0;kartal@kartal: /mnt/c/Users/yasin/OneDrive/Masaüstü/proje/myrepo[01;32mkartal@kartal[00m:[01;34m/mnt/c/Users/yasin/OneDrive/Masaüstü/proje/myrepo[00m$             // MySQL Docker imajını oluşturma
bash: //: Is a directory
]0;kartal@kartal: /mnt/c/Users/yasin/OneDrive/Masaüstü/proje/myrepo[01;32mkartal@kartal[00m:[01;34m/mnt/c/Users/yasin/OneDrive/Masaüstü/proje/myrepo[00m$             sh 'docker build -t ${DOCKER_IMAGE_MYSQL} -f Dockerfile/Dockerfile-mysql .'
sh: 0: Can't open docker build -t ${DOCKER_IMAGE_MYSQL} -f Dockerfile/Dockerfile-mysql .
]0;kartal@kartal: /mnt/c/Users/yasin/OneDrive/Masaüstü/proje/myrepo[01;32mkartal@kartal[00m:[01;34m/mnt/c/Users/yasin/OneDrive/Masaüstü/proje/myrepo[00m$             // phpMyAdmin Docker imajını oluşturma
bash: //: Is a directory
]0;kartal@kartal: /mnt/c/Users/yasin/OneDrive/Masaüstü/proje/myrepo[01;32mkartal@kartal[00m:[01;34m/mnt/c/Users/yasin/OneDrive/Masaüstü/proje/myrepo[00m$             sh 'docker build -t ${DOCKER_IMAGE_PMA} -f Dockerfile/Dockerfile-phpMyAdmin .'
sh: 0: Can't open docker build -t ${DOCKER_IMAGE_PMA} -f Dockerfile/Dockerfile-phpMyAdmin .
]0;kartal@kartal: /mnt/c/Users/yasin/OneDrive/Masaüstü/proje/myrepo[01;32mkartal@kartal[00m:[01;34m/mnt/c/Users/yasin/OneDrive/Masaüstü/proje/myrepo[00m$         }
bash: syntax error near unexpected token `}'
]0;kartal@kartal: /mnt/c/Users/yasin/OneDrive/Masaüstü/proje/myrepo[01;32mkartal@kartal[00m:[01;34m/mnt/c/Users/yasin/OneDrive/Masaüstü/proje/myrepo[00m$     }
bash: syntax error near unexpected token `}'
]0;kartal@kartal: /mnt/c/Users/yasin/OneDrive/Masaüstü/proje/myrepo[01;32mkartal@kartal[00m:[01;34m/mnt/c/Users/yasin/OneDrive/Masaüstü/proje/myrepo[00m$ }^C
]0;kartal@kartal: /mnt/c/Users/yasin/OneDrive/Masaüstü/proje/myrepo[01;32mkartal@kartal[00m:[01;34m/mnt/c/Users/yasin/OneDrive/Masaüstü/proje/myrepo[00m$ terraform destroyls[Kcd .ssh/[Kssh -i "my-key.pem" ubuntu@ec2-3-101-68-98.us-west-1.compute.amazonaws.com[C[C[C[C[C[C[C[C[C[C[C[C[C[C[C[C[C[C[C[C[C[C[C[C[C[C[C[C[C[C[C[C[C[C[C[C[C[C[C[C[C[C[C[C[C[C[C[C[C[C[C[C[C[C[C[C[C[C[C[C[C[C[C[C[Cls[K^C
]0;kartal@kartal: /mnt/c/Users/yasin/OneDrive/Masaüstü/proje/myrepo[01;32mkartal@kartal[00m:[01;34m/mnt/c/Users/yasin/OneDrive/Masaüstü/proje/myrepo[00m$ git add .
]0;kartal@kartal: /mnt/c/Users/yasin/OneDrive/Masaüstü/proje/myrepo[01;32mkartal@kartal[00m:[01;34m/mnt/c/Users/yasin/OneDrive/Masaüstü/proje/myrepo[00m$ git comit -m[K[K[K[K[Kmit -m "test"
[main 0d9af16] test
 1 file changed, 0 insertions(+), 0 deletions(-)
 create mode 100644 {
]0;kartal@kartal: /mnt/c/Users/yasin/OneDrive/Masaüstü/proje/myrepo[01;32mkartal@kartal[00m:[01;34m/mnt/c/Users/yasin/OneDrive/Masaüstü/proje/myrepo[00m$ h[Kgit pus h[K[Kh
Username for 'https://github.com': y-kartal
Password for 'https://y-kartal@github.com': 
Enumerating objects: 7, done.
Counting objects:  14% (1/7)Counting objects:  28% (2/7)Counting objects:  42% (3/7)Counting objects:  57% (4/7)Counting objects:  71% (5/7)Counting objects:  85% (6/7)Counting objects: 100% (7/7)Counting objects: 100% (7/7), done.
Delta compression using up to 20 threads
Compressing objects:  20% (1/5)Compressing objects:  40% (2/5)Compressing objects:  60% (3/5)Compressing objects:  80% (4/5)Compressing objects: 100% (5/5)Compressing objects: 100% (5/5), done.
Writing objects:  20% (1/5)Writing objects:  40% (2/5)Writing objects:  60% (3/5)Writing objects:  80% (4/5)Writing objects: 100% (5/5)Writing objects: 100% (5/5), 488 bytes | 40.00 KiB/s, done.
Total 5 (delta 3), reused 0 (delta 0)
remote: Resolving deltas:   0% (0/3)[Kremote: Resolving deltas:  33% (1/3)[Kremote: Resolving deltas:  66% (2/3)[Kremote: Resolving deltas: 100% (3/3)[Kremote: Resolving deltas: 100% (3/3), completed with 2 local objects.[K
To https://github.com/y-kartal/myrepo.git
   b500339..0d9af16  main -> main
]0;kartal@kartal: /mnt/c/Users/yasin/OneDrive/Masaüstü/proje/myrepo[01;32mkartal@kartal[00m:[01;34m/mnt/c/Users/yasin/OneDrive/Masaüstü/proje/myrepo[00m$ git pushcommit -m "test"add .[K
]0;kartal@kartal: /mnt/c/Users/yasin/OneDrive/Masaüstü/proje/myrepo[01;32mkartal@kartal[00m:[01;34m/mnt/c/Users/yasin/OneDrive/Masaüstü/proje/myrepo[00m$ git add .[1Ppushcommit -m "test"
[main a5d896d] test
 2 files changed, 38 insertions(+), 4 deletions(-)
]0;kartal@kartal: /mnt/c/Users/yasin/OneDrive/Masaüstü/proje/myrepo[01;32mkartal@kartal[00m:[01;34m/mnt/c/Users/yasin/OneDrive/Masaüstü/proje/myrepo[00m$ git commit -m "test"add .[K
]0;kartal@kartal: /mnt/c/Users/yasin/OneDrive/Masaüstü/proje/myrepo[01;32mkartal@kartal[00m:[01;34m/mnt/c/Users/yasin/OneDrive/Masaüstü/proje/myrepo[00m$ git add .commit -m "test"add .[Kcommit -m "test"
On branch main
Your branch is ahead of 'origin/main' by 1 commit.
  (use "git push" to publish your local commits)

nothing to commit, working tree clean
]0;kartal@kartal: /mnt/c/Users/yasin/OneDrive/Masaüstü/proje/myrepo[01;32mkartal@kartal[00m:[01;34m/mnt/c/Users/yasin/OneDrive/Masaüstü/proje/myrepo[00m$ git commit -m "test"add .[Kcommit -m "test"add .[K[1Ppush
Username for 'https://github.com': y-kartal
Password for 'https://y-kartal@github.com': 
remote: Support for password authentication was removed on August 13, 2021.
remote: Please see https://docs.github.com/get-started/getting-started-with-git/about-remote-repositories#cloning-with-https-urls for information on currently recommended modes of authentication.
fatal: Authentication failed for 'https://github.com/y-kartal/myrepo.git/'
]0;kartal@kartal: /mnt/c/Users/yasin/OneDrive/Masaüstü/proje/myrepo[01;32mkartal@kartal[00m:[01;34m/mnt/c/Users/yasin/OneDrive/Masaüstü/proje/myrepo[00m$ git add .
]0;kartal@kartal: /mnt/c/Users/yasin/OneDrive/Masaüstü/proje/myrepo[01;32mkartal@kartal[00m:[01;34m/mnt/c/Users/yasin/OneDrive/Masaüstü/proje/myrepo[00m$ git commit -m "test"
On branch main
Your branch is ahead of 'origin/main' by 1 commit.
  (use "git push" to publish your local commits)

nothing to commit, working tree clean
]0;kartal@kartal: /mnt/c/Users/yasin/OneDrive/Masaüstü/proje/myrepo[01;32mkartal@kartal[00m:[01;34m/mnt/c/Users/yasin/OneDrive/Masaüstü/proje/myrepo[00m$ git push
Username for 'https://github.com': y-kartal
Password for 'https://y-kartal@github.com': 
Enumerating objects: 9, done.
Counting objects:  11% (1/9)Counting objects:  22% (2/9)Counting objects:  33% (3/9)Counting objects:  44% (4/9)Counting objects:  55% (5/9)Counting objects:  66% (6/9)Counting objects:  77% (7/9)Counting objects:  88% (8/9)Counting objects: 100% (9/9)Counting objects: 100% (9/9), done.
Delta compression using up to 20 threads
Compressing objects:  20% (1/5)Compressing objects:  40% (2/5)Compressing objects:  60% (3/5)Compressing objects:  80% (4/5)Compressing objects: 100% (5/5)Compressing objects: 100% (5/5), done.
Writing objects:  20% (1/5)Writing objects:  40% (2/5)Writing objects:  60% (3/5)Writing objects:  80% (4/5)Writing objects: 100% (5/5)Writing objects: 100% (5/5), 1.25 KiB | 80.00 KiB/s, done.
Total 5 (delta 3), reused 0 (delta 0)
remote: Resolving deltas:   0% (0/3)[Kremote: Resolving deltas:  33% (1/3)[Kremote: Resolving deltas:  66% (2/3)[Kremote: Resolving deltas: 100% (3/3)[Kremote: Resolving deltas: 100% (3/3), completed with 3 local objects.[K
To https://github.